// Vitest Snapshot v1, https://vitest.dev/guide/snapshot.html

exports[`Controlled Input > should render with value 1`] = `
<div>
  <div
    class=" display-0-inline-block--255 position-0-relative--255 box-sizing-0-border-box-1137980104803605758-255"
  >
    <input
      aria-label="input"
      class="undefined color-0-var(--inputDisabledText,light-dark(#D6D7DE,#373737))-7704306251139592248-1 background-0-var(--inputDisabledBg,light-dark(#F0F0F3,#414244))-14172363753176421546-1 border-0-1px solid var(--border,light-dark(#E4E4E4,#434343))-14172363753176421546-1 color-0-var(--inputDisabledText,light-dark(#D6D7DE,#373737))-14172363753176421546-1 background-0-var(--primaryBg,light-dark(#F4F3FA,#F4F3FA0D))-16231282139879731451-1 border-0-1px solid var(--primary,light-dark(#674DC7,#8163E1))-16231282139879731451-1 outline-0-none-16231282139879731451-1 border-0-1px solid var(--primary,light-dark(#674DC7,#8163E1))-8380715471663921674-1 color-0-var(--inputPlaceholder,light-dark(#A9A8AB,#CBCBCB))-15878565022192187906-1 background-0-var(--inputBg,light-dark(#FFF,#2E2E2E))--1 border-radius-0-8px--1 border-style-0-solid--1 border-width-0-1px--1 padding-bottom-0-12px--1 padding-top-0-12px--1 transition-0-all .1s ease-in-out--1 border-color-0-var(--border,light-dark(#E4E4E4,#434343))--1 padding-left-0-12px--1 padding-right-0-36px--1 "
      value=""
    />
  </div>
</div>
`;

exports[`Input > should have typography when typography is provided 1`] = `
<div>
  <div
    class=" display-0-inline-block--255 position-0-relative--255 box-sizing-0-border-box-1137980104803605758-255"
  >
    <input
      aria-label="input"
      class="undefined color-0-var(--inputDisabledText,light-dark(#D6D7DE,#373737))-7704306251139592248-1 background-0-var(--inputDisabledBg,light-dark(#F0F0F3,#414244))-14172363753176421546-1 border-0-1px solid var(--border,light-dark(#E4E4E4,#434343))-14172363753176421546-1 color-0-var(--inputDisabledText,light-dark(#D6D7DE,#373737))-14172363753176421546-1 background-0-var(--primaryBg,light-dark(#F4F3FA,#F4F3FA0D))-16231282139879731451-1 border-0-1px solid var(--primary,light-dark(#674DC7,#8163E1))-16231282139879731451-1 outline-0-none-16231282139879731451-1 border-0-1px solid var(--primary,light-dark(#674DC7,#8163E1))-8380715471663921674-1 color-0-var(--inputPlaceholder,light-dark(#A9A8AB,#CBCBCB))-15878565022192187906-1 background-0-var(--inputBg,light-dark(#FFF,#2E2E2E))--1 border-radius-0-8px--1 border-style-0-solid--1 border-width-0-1px--1 padding-bottom-0-12px--1 padding-top-0-12px--1 transition-0-all .1s ease-in-out--1 border-color-0-var(--border,light-dark(#E4E4E4,#434343))--1 padding-left-0-12px--1 padding-right-0-36px--1 typo-inlineLabelS"
      value=""
    />
  </div>
</div>
`;

exports[`Input > should not have padding right when allowClear is false 1`] = `
<div>
  <div
    class=" display-0-inline-block--255 position-0-relative--255 box-sizing-0-border-box-1137980104803605758-255"
  >
    <input
      aria-label="input"
      class="undefined color-0-var(--inputDisabledText,light-dark(#D6D7DE,#373737))-7704306251139592248-1 background-0-var(--inputDisabledBg,light-dark(#F0F0F3,#414244))-14172363753176421546-1 border-0-1px solid var(--border,light-dark(#E4E4E4,#434343))-14172363753176421546-1 color-0-var(--inputDisabledText,light-dark(#D6D7DE,#373737))-14172363753176421546-1 background-0-var(--primaryBg,light-dark(#F4F3FA,#F4F3FA0D))-16231282139879731451-1 border-0-1px solid var(--primary,light-dark(#674DC7,#8163E1))-16231282139879731451-1 outline-0-none-16231282139879731451-1 border-0-1px solid var(--primary,light-dark(#674DC7,#8163E1))-8380715471663921674-1 color-0-var(--inputPlaceholder,light-dark(#A9A8AB,#CBCBCB))-15878565022192187906-1 background-0-var(--inputBg,light-dark(#FFF,#2E2E2E))--1 border-radius-0-8px--1 border-style-0-solid--1 border-width-0-1px--1 padding-bottom-0-12px--1 padding-top-0-12px--1 transition-0-all .1s ease-in-out--1 border-color-0-var(--border,light-dark(#E4E4E4,#434343))--1 padding-left-0-12px--1 padding-right-0-12px--1 "
      value=""
    />
  </div>
</div>
`;

exports[`Input > should not show clear button when value is empty 1`] = `
<div>
  <div
    class=" display-0-inline-block--255 position-0-relative--255 box-sizing-0-border-box-1137980104803605758-255"
  >
    <input
      aria-label="input"
      class="undefined color-0-var(--inputDisabledText,light-dark(#D6D7DE,#373737))-7704306251139592248-1 background-0-var(--inputDisabledBg,light-dark(#F0F0F3,#414244))-14172363753176421546-1 border-0-1px solid var(--border,light-dark(#E4E4E4,#434343))-14172363753176421546-1 color-0-var(--inputDisabledText,light-dark(#D6D7DE,#373737))-14172363753176421546-1 background-0-var(--primaryBg,light-dark(#F4F3FA,#F4F3FA0D))-16231282139879731451-1 border-0-1px solid var(--primary,light-dark(#674DC7,#8163E1))-16231282139879731451-1 outline-0-none-16231282139879731451-1 border-0-1px solid var(--primary,light-dark(#674DC7,#8163E1))-8380715471663921674-1 color-0-var(--inputPlaceholder,light-dark(#A9A8AB,#CBCBCB))-15878565022192187906-1 background-0-var(--inputBg,light-dark(#FFF,#2E2E2E))--1 border-radius-0-8px--1 border-style-0-solid--1 border-width-0-1px--1 padding-bottom-0-12px--1 padding-top-0-12px--1 transition-0-all .1s ease-in-out--1 border-color-0-var(--border,light-dark(#E4E4E4,#434343))--1 padding-left-0-12px--1 padding-right-0-36px--1 "
      value=""
    />
  </div>
</div>
`;

exports[`Input > should pass className prop to error message component 1`] = `
<div>
  <div
    class=" display-0-inline-block--255 position-0-relative--255 box-sizing-0-border-box-1137980104803605758-255"
  >
    <input
      aria-label="input"
      class="undefined color-0-var(--inputDisabledText,light-dark(#D6D7DE,#373737))-7704306251139592248-1 background-0-var(--inputDisabledBg,light-dark(#F0F0F3,#414244))-14172363753176421546-1 border-0-1px solid var(--border,light-dark(#E4E4E4,#434343))-14172363753176421546-1 color-0-var(--inputDisabledText,light-dark(#D6D7DE,#373737))-14172363753176421546-1 background-0-var(--primaryBg,light-dark(#F4F3FA,#F4F3FA0D))-16231282139879731451-1 border-0-1px solid var(--primary,light-dark(#674DC7,#8163E1))-16231282139879731451-1 outline-0-none-16231282139879731451-1 border-0-1px solid var(--primary,light-dark(#674DC7,#8163E1))-8380715471663921674-1 color-0-var(--inputPlaceholder,light-dark(#A9A8AB,#CBCBCB))-15878565022192187906-1 background-0-var(--inputBg,light-dark(#FFF,#2E2E2E))--1 border-radius-0-8px--1 border-style-0-solid--1 border-width-0-1px--1 padding-bottom-0-12px--1 padding-top-0-12px--1 transition-0-all .1s ease-in-out--1 border-color-0-var(--error,light-dark(#D52B2E,#FF5B5E))--1 padding-left-0-12px--1 padding-right-0-36px--1 "
      value=""
    />
    <span
      aria-label="error-message"
      class="error-message bottom-0--8px--1 color-0-var(--error,light-dark(#D52B2E,#FF5B5E))--1 left-0-0--1 position-0-absolute--1 transform-0-translateY(100%)--1 typo-inputPlaceholder"
    >
      Error message
    </span>
  </div>
</div>
`;

exports[`Input > should pass className prop to icon component 1`] = `
<div>
  <div
    class=" display-0-inline-block--255 position-0-relative--255 box-sizing-0-border-box-1137980104803605758-255"
  >
    <div
      aria-label="icon"
      class="icon display-0-flex--0 justify-content-0-center--0 align-items-0-center--0 height-0-24px--1 width-0-24px--1 left-0-12px--1 position-0-absolute--1 top-0-50%--1 transform-0-translateY(-50%)--1 color-0-var(--iconBold,light-dark(#8D8C9A,#666577))--1"
    >
      <svg
        fill="none"
        height="24"
        viewBox="0 0 24 24"
        width="24"
        xmlns="http://www.w3.org/2000/svg"
      >
        <path
          clip-rule="evenodd"
          d="M14.5006 15.9949C13.445 16.6754 12.1959 17.069 10.8571 17.069C7.07005 17.069 4 13.9195 4 10.0345C4 6.14945 7.07005 3 10.8571 3C14.6442 3 17.7143 6.14945 17.7143 10.0345C17.7143 11.7044 17.1471 13.2384 16.1995 14.4448C16.2121 14.4567 16.2245 14.4688 16.2367 14.4813L19.6653 17.9986C20.1116 18.4564 20.1116 19.1988 19.6653 19.6566C19.2189 20.1145 18.4953 20.1145 18.049 19.6566L14.6204 16.1394C14.5761 16.0938 14.5361 16.0455 14.5006 15.9949ZM16.2143 10.0345C16.2143 13.1274 13.7799 15.569 10.8571 15.569C7.93435 15.569 5.5 13.1274 5.5 10.0345C5.5 6.94154 7.93435 4.5 10.8571 4.5C13.7799 4.5 16.2143 6.94154 16.2143 10.0345Z"
          fill="currentColor"
          fill-rule="evenodd"
        />
      </svg>
    </div>
    <input
      aria-label="input"
      class="undefined color-0-var(--inputDisabledText,light-dark(#D6D7DE,#373737))-7704306251139592248-1 background-0-var(--inputDisabledBg,light-dark(#F0F0F3,#414244))-14172363753176421546-1 border-0-1px solid var(--border,light-dark(#E4E4E4,#434343))-14172363753176421546-1 color-0-var(--inputDisabledText,light-dark(#D6D7DE,#373737))-14172363753176421546-1 background-0-var(--primaryBg,light-dark(#F4F3FA,#F4F3FA0D))-16231282139879731451-1 border-0-1px solid var(--primary,light-dark(#674DC7,#8163E1))-16231282139879731451-1 outline-0-none-16231282139879731451-1 border-0-1px solid var(--primary,light-dark(#674DC7,#8163E1))-8380715471663921674-1 color-0-var(--inputPlaceholder,light-dark(#A9A8AB,#CBCBCB))-15878565022192187906-1 background-0-var(--inputBg,light-dark(#FFF,#2E2E2E))--1 border-radius-0-8px--1 border-style-0-solid--1 border-width-0-1px--1 padding-bottom-0-12px--1 padding-top-0-12px--1 transition-0-all .1s ease-in-out--1 border-color-0-var(--border,light-dark(#E4E4E4,#434343))--1 padding-left-0-36px--1 padding-right-0-36px--1 "
      value=""
    />
  </div>
</div>
`;

exports[`Input > should pass props to ClearButton component 1`] = `
<div>
  <button
    aria-label="clear-button"
    class="align-items-0-center--1 background-0-var(--negative20,light-dark(#0003,#FFF6))--1 border-0-none--1 border-radius-0-50%--1 height-0-20px--1 width-0-20px--1 color-0-var(--base,light-dark(#FFF,#000))--1 cursor-0-pointer--1 display-0-flex--1 justify-content-0-center--1 padding-0-2px--1 position-0-absolute--1 right-0-12px--1 top-0-50%--1 transform-0-translateY(-50%)--1 "
  >
    <svg
      fill="none"
      height="24"
      viewBox="0 0 24 24"
      width="24"
      xmlns="http://www.w3.org/2000/svg"
    >
      <path
        d="M18 6L6 18"
        stroke="currentColor"
        stroke-linecap="round"
        stroke-linejoin="round"
        stroke-width="2"
      />
      <path
        d="M6 6L18 18"
        stroke="currentColor"
        stroke-linecap="round"
        stroke-linejoin="round"
        stroke-width="2"
      />
    </svg>
  </button>
</div>
`;

exports[`Input > should render disabled icon style when disabled is true 1`] = `
<div>
  <div
    class=" display-0-inline-block--255 position-0-relative--255 box-sizing-0-border-box-1137980104803605758-255"
  >
    <div
      aria-label="icon"
      class=" display-0-flex--0 justify-content-0-center--0 align-items-0-center--0 height-0-24px--1 width-0-24px--1 left-0-12px--1 position-0-absolute--1 top-0-50%--1 transform-0-translateY(-50%)--1 color-0-var(--inputDisabledText,light-dark(#D6D7DE,#373737))--1"
    >
      <svg
        fill="none"
        height="24"
        viewBox="0 0 24 24"
        width="24"
        xmlns="http://www.w3.org/2000/svg"
      >
        <path
          clip-rule="evenodd"
          d="M14.5006 15.9949C13.445 16.6754 12.1959 17.069 10.8571 17.069C7.07005 17.069 4 13.9195 4 10.0345C4 6.14945 7.07005 3 10.8571 3C14.6442 3 17.7143 6.14945 17.7143 10.0345C17.7143 11.7044 17.1471 13.2384 16.1995 14.4448C16.2121 14.4567 16.2245 14.4688 16.2367 14.4813L19.6653 17.9986C20.1116 18.4564 20.1116 19.1988 19.6653 19.6566C19.2189 20.1145 18.4953 20.1145 18.049 19.6566L14.6204 16.1394C14.5761 16.0938 14.5361 16.0455 14.5006 15.9949ZM16.2143 10.0345C16.2143 13.1274 13.7799 15.569 10.8571 15.569C7.93435 15.569 5.5 13.1274 5.5 10.0345C5.5 6.94154 7.93435 4.5 10.8571 4.5C13.7799 4.5 16.2143 6.94154 16.2143 10.0345Z"
          fill="currentColor"
          fill-rule="evenodd"
        />
      </svg>
    </div>
    <input
      aria-label="input"
      class="undefined color-0-var(--inputDisabledText,light-dark(#D6D7DE,#373737))-7704306251139592248-1 background-0-var(--inputDisabledBg,light-dark(#F0F0F3,#414244))-14172363753176421546-1 border-0-1px solid var(--border,light-dark(#E4E4E4,#434343))-14172363753176421546-1 color-0-var(--inputDisabledText,light-dark(#D6D7DE,#373737))-14172363753176421546-1 background-0-var(--primaryBg,light-dark(#F4F3FA,#F4F3FA0D))-16231282139879731451-1 border-0-1px solid var(--primary,light-dark(#674DC7,#8163E1))-16231282139879731451-1 outline-0-none-16231282139879731451-1 border-0-1px solid var(--primary,light-dark(#674DC7,#8163E1))-8380715471663921674-1 color-0-var(--inputPlaceholder,light-dark(#A9A8AB,#CBCBCB))-15878565022192187906-1 background-0-var(--inputBg,light-dark(#FFF,#2E2E2E))--1 border-radius-0-8px--1 border-style-0-solid--1 border-width-0-1px--1 padding-bottom-0-12px--1 padding-top-0-12px--1 transition-0-all .1s ease-in-out--1 border-color-0-var(--border,light-dark(#E4E4E4,#434343))--1 padding-left-0-36px--1 padding-right-0-36px--1 "
      disabled=""
      value=""
    />
  </div>
</div>
`;

exports[`Input > should render error style when error is true 1`] = `
<div>
  <div
    class=" display-0-inline-block--255 position-0-relative--255 box-sizing-0-border-box-1137980104803605758-255"
  >
    <input
      aria-label="input"
      class="undefined color-0-var(--inputDisabledText,light-dark(#D6D7DE,#373737))-7704306251139592248-1 background-0-var(--inputDisabledBg,light-dark(#F0F0F3,#414244))-14172363753176421546-1 border-0-1px solid var(--border,light-dark(#E4E4E4,#434343))-14172363753176421546-1 color-0-var(--inputDisabledText,light-dark(#D6D7DE,#373737))-14172363753176421546-1 background-0-var(--primaryBg,light-dark(#F4F3FA,#F4F3FA0D))-16231282139879731451-1 border-0-1px solid var(--primary,light-dark(#674DC7,#8163E1))-16231282139879731451-1 outline-0-none-16231282139879731451-1 border-0-1px solid var(--primary,light-dark(#674DC7,#8163E1))-8380715471663921674-1 color-0-var(--inputPlaceholder,light-dark(#A9A8AB,#CBCBCB))-15878565022192187906-1 background-0-var(--inputBg,light-dark(#FFF,#2E2E2E))--1 border-radius-0-8px--1 border-style-0-solid--1 border-width-0-1px--1 padding-bottom-0-12px--1 padding-top-0-12px--1 transition-0-all .1s ease-in-out--1 border-color-0-var(--error,light-dark(#D52B2E,#FF5B5E))--1 padding-left-0-12px--1 padding-right-0-36px--1 "
      value=""
    />
  </div>
</div>
`;

exports[`Input > should render with allowClear prop 1`] = `
<div>
  <div
    class=" display-0-inline-block--255 position-0-relative--255 box-sizing-0-border-box-1137980104803605758-255"
  >
    <input
      aria-label="input"
      class="undefined color-0-var(--inputDisabledText,light-dark(#D6D7DE,#373737))-7704306251139592248-1 background-0-var(--inputDisabledBg,light-dark(#F0F0F3,#414244))-14172363753176421546-1 border-0-1px solid var(--border,light-dark(#E4E4E4,#434343))-14172363753176421546-1 color-0-var(--inputDisabledText,light-dark(#D6D7DE,#373737))-14172363753176421546-1 background-0-var(--primaryBg,light-dark(#F4F3FA,#F4F3FA0D))-16231282139879731451-1 border-0-1px solid var(--primary,light-dark(#674DC7,#8163E1))-16231282139879731451-1 outline-0-none-16231282139879731451-1 border-0-1px solid var(--primary,light-dark(#674DC7,#8163E1))-8380715471663921674-1 color-0-var(--inputPlaceholder,light-dark(#A9A8AB,#CBCBCB))-15878565022192187906-1 background-0-var(--inputBg,light-dark(#FFF,#2E2E2E))--1 border-radius-0-8px--1 border-style-0-solid--1 border-width-0-1px--1 padding-bottom-0-12px--1 padding-top-0-12px--1 transition-0-all .1s ease-in-out--1 border-color-0-var(--border,light-dark(#E4E4E4,#434343))--1 padding-left-0-12px--1 padding-right-0-36px--1 "
      value=""
    />
  </div>
</div>
`;

exports[`Input > should render with default props 1`] = `
<div>
  <div
    class=" display-0-inline-block--255 position-0-relative--255 box-sizing-0-border-box-1137980104803605758-255"
  >
    <input
      aria-label="input"
      class="undefined color-0-var(--inputDisabledText,light-dark(#D6D7DE,#373737))-7704306251139592248-1 background-0-var(--inputDisabledBg,light-dark(#F0F0F3,#414244))-14172363753176421546-1 border-0-1px solid var(--border,light-dark(#E4E4E4,#434343))-14172363753176421546-1 color-0-var(--inputDisabledText,light-dark(#D6D7DE,#373737))-14172363753176421546-1 background-0-var(--primaryBg,light-dark(#F4F3FA,#F4F3FA0D))-16231282139879731451-1 border-0-1px solid var(--primary,light-dark(#674DC7,#8163E1))-16231282139879731451-1 outline-0-none-16231282139879731451-1 border-0-1px solid var(--primary,light-dark(#674DC7,#8163E1))-8380715471663921674-1 color-0-var(--inputPlaceholder,light-dark(#A9A8AB,#CBCBCB))-15878565022192187906-1 background-0-var(--inputBg,light-dark(#FFF,#2E2E2E))--1 border-radius-0-8px--1 border-style-0-solid--1 border-width-0-1px--1 padding-bottom-0-12px--1 padding-top-0-12px--1 transition-0-all .1s ease-in-out--1 border-color-0-var(--border,light-dark(#E4E4E4,#434343))--1 padding-left-0-12px--1 padding-right-0-36px--1 "
      value=""
    />
  </div>
</div>
`;

exports[`Input > should render with disabled prop 1`] = `
<div>
  <div
    class=" display-0-inline-block--255 position-0-relative--255 box-sizing-0-border-box-1137980104803605758-255"
  >
    <input
      aria-label="input"
      class="undefined color-0-var(--inputDisabledText,light-dark(#D6D7DE,#373737))-7704306251139592248-1 background-0-var(--inputDisabledBg,light-dark(#F0F0F3,#414244))-14172363753176421546-1 border-0-1px solid var(--border,light-dark(#E4E4E4,#434343))-14172363753176421546-1 color-0-var(--inputDisabledText,light-dark(#D6D7DE,#373737))-14172363753176421546-1 background-0-var(--primaryBg,light-dark(#F4F3FA,#F4F3FA0D))-16231282139879731451-1 border-0-1px solid var(--primary,light-dark(#674DC7,#8163E1))-16231282139879731451-1 outline-0-none-16231282139879731451-1 border-0-1px solid var(--primary,light-dark(#674DC7,#8163E1))-8380715471663921674-1 color-0-var(--inputPlaceholder,light-dark(#A9A8AB,#CBCBCB))-15878565022192187906-1 background-0-var(--inputBg,light-dark(#FFF,#2E2E2E))--1 border-radius-0-8px--1 border-style-0-solid--1 border-width-0-1px--1 padding-bottom-0-12px--1 padding-top-0-12px--1 transition-0-all .1s ease-in-out--1 border-color-0-var(--border,light-dark(#E4E4E4,#434343))--1 padding-left-0-12px--1 padding-right-0-36px--1 "
      disabled=""
      value=""
    />
  </div>
</div>
`;

exports[`Input > should show clear button when value is not empty 1`] = `
<div>
  <div
    class=" display-0-inline-block--255 position-0-relative--255 box-sizing-0-border-box-1137980104803605758-255"
  >
    <input
      aria-label="input"
      class="undefined color-0-var(--inputDisabledText,light-dark(#D6D7DE,#373737))-7704306251139592248-1 background-0-var(--inputDisabledBg,light-dark(#F0F0F3,#414244))-14172363753176421546-1 border-0-1px solid var(--border,light-dark(#E4E4E4,#434343))-14172363753176421546-1 color-0-var(--inputDisabledText,light-dark(#D6D7DE,#373737))-14172363753176421546-1 background-0-var(--primaryBg,light-dark(#F4F3FA,#F4F3FA0D))-16231282139879731451-1 border-0-1px solid var(--primary,light-dark(#674DC7,#8163E1))-16231282139879731451-1 outline-0-none-16231282139879731451-1 border-0-1px solid var(--primary,light-dark(#674DC7,#8163E1))-8380715471663921674-1 color-0-var(--inputPlaceholder,light-dark(#A9A8AB,#CBCBCB))-15878565022192187906-1 background-0-var(--inputBg,light-dark(#FFF,#2E2E2E))--1 border-radius-0-8px--1 border-style-0-solid--1 border-width-0-1px--1 padding-bottom-0-12px--1 padding-top-0-12px--1 transition-0-all .1s ease-in-out--1 border-color-0-var(--border,light-dark(#E4E4E4,#434343))--1 padding-left-0-12px--1 padding-right-0-36px--1 "
      value=""
    />
  </div>
</div>
`;
